
> frontend@0.0.0 build
> tsc -b && vite build

src/App.tsx(63,10): error TS6133: 'showImport' is declared but its value is never read.
src/App.tsx(64,21): error TS6133: 'setImportKey' is declared but its value is never read.
src/App.tsx(107,9): error TS6133: 'doImport' is declared but its value is never read.
src/components/SendModal.tsx(1,8): error TS6133: 'React' is declared but its value is never read.
src/components/SendModal.tsx(2,18): error TS6133: 'AnimatePresence' is declared but its value is never read.
